1st 2
2nd 2
3rd 2
1st 1
2nd 1
3rd 1
1st 0
2nd 0
3rd 0
